// Jest Snapshot v1, https://jestjs.io/docs/snapshot-testing

exports[`LanguageSwitcher Component renders correctly and matches snapshot 1`] = `
<div>
  <select
    class="px-3 py-1.5 text-sm font-medium rounded border border-gray-300 dark:border-gray-600 bg-white dark:bg-slate-800 text-gray-700 dark:text-gray-200 hover:border-blue-500 focus:outline-none focus:ring-2 focus:ring-blue-500 focus:border-transparent transition-all cursor-pointer"
  >
    <option
      value="fr"
    >
      Français
    </option>
    <option
      value="en"
    >
      English
    </option>
  </select>
</div>
`;
