// Jest Snapshot v1, https://jestjs.io/docs/snapshot-testing

exports[`Skills Component renders correctly and matches snapshot 1`] = `
<div>
  <section
    class="py-20 bg-slate-50 dark:bg-slate-900/50"
    id="skills"
  >
    <div
      class="max-w-7xl mx-auto px-4 sm:px-6 lg:px-8"
    >
      <div
        class="mb-16 text-center"
        style="opacity: 0; transform: translateY(20px);"
      >
        <h2
          class="text-3xl md:text-4xl font-bold mb-4 text-slate-900 dark:text-white"
        >
          skills.title
        </h2>
        <div
          class="w-20 h-1.5 bg-blue-600 mx-auto rounded-full"
        />
      </div>
      <div
        class="grid md:grid-cols-2 lg:grid-cols-3 gap-8"
      >
        <div
          class="bg-white dark:bg-slate-800 rounded-xl p-6 shadow-sm hover:shadow-md transition-all border border-slate-100 dark:border-slate-700 group"
          style="opacity: 0; transform: translateY(20px);"
        >
          <div
            class="flex items-center gap-4 mb-6"
          >
            <div
              class="p-3 bg-blue-50 dark:bg-blue-900/30 rounded-lg text-blue-600 group-hover:scale-110 transition-transform"
            >
              <svg
                aria-hidden="true"
                class="lucide lucide-server"
                fill="none"
                height="24"
                stroke="currentColor"
                stroke-linecap="round"
                stroke-linejoin="round"
                stroke-width="2"
                viewBox="0 0 24 24"
                width="24"
                xmlns="http://www.w3.org/2000/svg"
              >
                <rect
                  height="8"
                  rx="2"
                  ry="2"
                  width="20"
                  x="2"
                  y="2"
                />
                <rect
                  height="8"
                  rx="2"
                  ry="2"
                  width="20"
                  x="2"
                  y="14"
                />
                <line
                  x1="6"
                  x2="6.01"
                  y1="6"
                  y2="6"
                />
                <line
                  x1="6"
                  x2="6.01"
                  y1="18"
                  y2="18"
                />
              </svg>
            </div>
            <h3
              class="text-xl font-bold text-slate-900 dark:text-white"
            >
              skills.categories.backend
            </h3>
          </div>
          <div
            class="flex flex-wrap gap-2"
          >
            <span
              class="px-3 py-1 bg-slate-50 dark:bg-slate-700 text-slate-600 dark:text-slate-300 text-sm font-medium rounded-lg border border-slate-200 dark:border-slate-600"
            >
              C#
            </span>
            <span
              class="px-3 py-1 bg-slate-50 dark:bg-slate-700 text-slate-600 dark:text-slate-300 text-sm font-medium rounded-lg border border-slate-200 dark:border-slate-600"
            >
              .NET
            </span>
            <span
              class="px-3 py-1 bg-slate-50 dark:bg-slate-700 text-slate-600 dark:text-slate-300 text-sm font-medium rounded-lg border border-slate-200 dark:border-slate-600"
            >
              ASP.NET Core
            </span>
            <span
              class="px-3 py-1 bg-slate-50 dark:bg-slate-700 text-slate-600 dark:text-slate-300 text-sm font-medium rounded-lg border border-slate-200 dark:border-slate-600"
            >
              .Net (6 et 8)
            </span>
            <span
              class="px-3 py-1 bg-slate-50 dark:bg-slate-700 text-slate-600 dark:text-slate-300 text-sm font-medium rounded-lg border border-slate-200 dark:border-slate-600"
            >
              .Net Framework (3.5 et 4.8)
            </span>
            <span
              class="px-3 py-1 bg-slate-50 dark:bg-slate-700 text-slate-600 dark:text-slate-300 text-sm font-medium rounded-lg border border-slate-200 dark:border-slate-600"
            >
              Entity Framework Core
            </span>
            <span
              class="px-3 py-1 bg-slate-50 dark:bg-slate-700 text-slate-600 dark:text-slate-300 text-sm font-medium rounded-lg border border-slate-200 dark:border-slate-600"
            >
              Dapper
            </span>
          </div>
        </div>
        <div
          class="bg-white dark:bg-slate-800 rounded-xl p-6 shadow-sm hover:shadow-md transition-all border border-slate-100 dark:border-slate-700 group"
          style="opacity: 0; transform: translateY(20px);"
        >
          <div
            class="flex items-center gap-4 mb-6"
          >
            <div
              class="p-3 bg-blue-50 dark:bg-blue-900/30 rounded-lg text-blue-600 group-hover:scale-110 transition-transform"
            >
              <svg
                aria-hidden="true"
                class="lucide lucide-panels-top-left"
                fill="none"
                height="24"
                stroke="currentColor"
                stroke-linecap="round"
                stroke-linejoin="round"
                stroke-width="2"
                viewBox="0 0 24 24"
                width="24"
                xmlns="http://www.w3.org/2000/svg"
              >
                <rect
                  height="18"
                  rx="2"
                  width="18"
                  x="3"
                  y="3"
                />
                <path
                  d="M3 9h18"
                />
                <path
                  d="M9 21V9"
                />
              </svg>
            </div>
            <h3
              class="text-xl font-bold text-slate-900 dark:text-white"
            >
              skills.categories.frontend
            </h3>
          </div>
          <div
            class="flex flex-wrap gap-2"
          >
            <span
              class="px-3 py-1 bg-slate-50 dark:bg-slate-700 text-slate-600 dark:text-slate-300 text-sm font-medium rounded-lg border border-slate-200 dark:border-slate-600"
            >
              Angular
            </span>
            <span
              class="px-3 py-1 bg-slate-50 dark:bg-slate-700 text-slate-600 dark:text-slate-300 text-sm font-medium rounded-lg border border-slate-200 dark:border-slate-600"
            >
              React
            </span>
            <span
              class="px-3 py-1 bg-slate-50 dark:bg-slate-700 text-slate-600 dark:text-slate-300 text-sm font-medium rounded-lg border border-slate-200 dark:border-slate-600"
            >
              NodeJs
            </span>
            <span
              class="px-3 py-1 bg-slate-50 dark:bg-slate-700 text-slate-600 dark:text-slate-300 text-sm font-medium rounded-lg border border-slate-200 dark:border-slate-600"
            >
              Bootstrap
            </span>
            <span
              class="px-3 py-1 bg-slate-50 dark:bg-slate-700 text-slate-600 dark:text-slate-300 text-sm font-medium rounded-lg border border-slate-200 dark:border-slate-600"
            >
              RxJS
            </span>
            <span
              class="px-3 py-1 bg-slate-50 dark:bg-slate-700 text-slate-600 dark:text-slate-300 text-sm font-medium rounded-lg border border-slate-200 dark:border-slate-600"
            >
              TypeScript
            </span>
            <span
              class="px-3 py-1 bg-slate-50 dark:bg-slate-700 text-slate-600 dark:text-slate-300 text-sm font-medium rounded-lg border border-slate-200 dark:border-slate-600"
            >
              JavaScript
            </span>
            <span
              class="px-3 py-1 bg-slate-50 dark:bg-slate-700 text-slate-600 dark:text-slate-300 text-sm font-medium rounded-lg border border-slate-200 dark:border-slate-600"
            >
              HTML5
            </span>
            <span
              class="px-3 py-1 bg-slate-50 dark:bg-slate-700 text-slate-600 dark:text-slate-300 text-sm font-medium rounded-lg border border-slate-200 dark:border-slate-600"
            >
              CSS3/SCSS
            </span>
          </div>
        </div>
        <div
          class="bg-white dark:bg-slate-800 rounded-xl p-6 shadow-sm hover:shadow-md transition-all border border-slate-100 dark:border-slate-700 group"
          style="opacity: 0; transform: translateY(20px);"
        >
          <div
            class="flex items-center gap-4 mb-6"
          >
            <div
              class="p-3 bg-blue-50 dark:bg-blue-900/30 rounded-lg text-blue-600 group-hover:scale-110 transition-transform"
            >
              <svg
                aria-hidden="true"
                class="lucide lucide-flask-conical"
                fill="none"
                height="24"
                stroke="currentColor"
                stroke-linecap="round"
                stroke-linejoin="round"
                stroke-width="2"
                viewBox="0 0 24 24"
                width="24"
                xmlns="http://www.w3.org/2000/svg"
              >
                <path
                  d="M14 2v6a2 2 0 0 0 .245.96l5.51 10.08A2 2 0 0 1 18 22H6a2 2 0 0 1-1.755-2.96l5.51-10.08A2 2 0 0 0 10 8V2"
                />
                <path
                  d="M6.453 15h11.094"
                />
                <path
                  d="M8.5 2h7"
                />
              </svg>
            </div>
            <h3
              class="text-xl font-bold text-slate-900 dark:text-white"
            >
              skills.categories.tests
            </h3>
          </div>
          <div
            class="flex flex-wrap gap-2"
          >
            <span
              class="px-3 py-1 bg-slate-50 dark:bg-slate-700 text-slate-600 dark:text-slate-300 text-sm font-medium rounded-lg border border-slate-200 dark:border-slate-600"
            >
              xUnit
            </span>
            <span
              class="px-3 py-1 bg-slate-50 dark:bg-slate-700 text-slate-600 dark:text-slate-300 text-sm font-medium rounded-lg border border-slate-200 dark:border-slate-600"
            >
              NUnit
            </span>
            <span
              class="px-3 py-1 bg-slate-50 dark:bg-slate-700 text-slate-600 dark:text-slate-300 text-sm font-medium rounded-lg border border-slate-200 dark:border-slate-600"
            >
              Moq
            </span>
            <span
              class="px-3 py-1 bg-slate-50 dark:bg-slate-700 text-slate-600 dark:text-slate-300 text-sm font-medium rounded-lg border border-slate-200 dark:border-slate-600"
            >
              FluentAssertions
            </span>
            <span
              class="px-3 py-1 bg-slate-50 dark:bg-slate-700 text-slate-600 dark:text-slate-300 text-sm font-medium rounded-lg border border-slate-200 dark:border-slate-600"
            >
              SonarQube
            </span>
            <span
              class="px-3 py-1 bg-slate-50 dark:bg-slate-700 text-slate-600 dark:text-slate-300 text-sm font-medium rounded-lg border border-slate-200 dark:border-slate-600"
            >
              Postman
            </span>
            <span
              class="px-3 py-1 bg-slate-50 dark:bg-slate-700 text-slate-600 dark:text-slate-300 text-sm font-medium rounded-lg border border-slate-200 dark:border-slate-600"
            >
              Jest
            </span>
            <span
              class="px-3 py-1 bg-slate-50 dark:bg-slate-700 text-slate-600 dark:text-slate-300 text-sm font-medium rounded-lg border border-slate-200 dark:border-slate-600"
            >
              Jasmine
            </span>
            <span
              class="px-3 py-1 bg-slate-50 dark:bg-slate-700 text-slate-600 dark:text-slate-300 text-sm font-medium rounded-lg border border-slate-200 dark:border-slate-600"
            >
              Playwright
            </span>
            <span
              class="px-3 py-1 bg-slate-50 dark:bg-slate-700 text-slate-600 dark:text-slate-300 text-sm font-medium rounded-lg border border-slate-200 dark:border-slate-600"
            >
              ESLint
            </span>
            <span
              class="px-3 py-1 bg-slate-50 dark:bg-slate-700 text-slate-600 dark:text-slate-300 text-sm font-medium rounded-lg border border-slate-200 dark:border-slate-600"
            >
              Zeplin
            </span>
          </div>
        </div>
        <div
          class="bg-white dark:bg-slate-800 rounded-xl p-6 shadow-sm hover:shadow-md transition-all border border-slate-100 dark:border-slate-700 group"
          style="opacity: 0; transform: translateY(20px);"
        >
          <div
            class="flex items-center gap-4 mb-6"
          >
            <div
              class="p-3 bg-blue-50 dark:bg-blue-900/30 rounded-lg text-blue-600 group-hover:scale-110 transition-transform"
            >
              <svg
                aria-hidden="true"
                class="lucide lucide-database"
                fill="none"
                height="24"
                stroke="currentColor"
                stroke-linecap="round"
                stroke-linejoin="round"
                stroke-width="2"
                viewBox="0 0 24 24"
                width="24"
                xmlns="http://www.w3.org/2000/svg"
              >
                <ellipse
                  cx="12"
                  cy="5"
                  rx="9"
                  ry="3"
                />
                <path
                  d="M3 5V19A9 3 0 0 0 21 19V5"
                />
                <path
                  d="M3 12A9 3 0 0 0 21 12"
                />
              </svg>
            </div>
            <h3
              class="text-xl font-bold text-slate-900 dark:text-white"
            >
              skills.categories.database
            </h3>
          </div>
          <div
            class="flex flex-wrap gap-2"
          >
            <span
              class="px-3 py-1 bg-slate-50 dark:bg-slate-700 text-slate-600 dark:text-slate-300 text-sm font-medium rounded-lg border border-slate-200 dark:border-slate-600"
            >
              SQL
            </span>
            <span
              class="px-3 py-1 bg-slate-50 dark:bg-slate-700 text-slate-600 dark:text-slate-300 text-sm font-medium rounded-lg border border-slate-200 dark:border-slate-600"
            >
              SQL Server
            </span>
            <span
              class="px-3 py-1 bg-slate-50 dark:bg-slate-700 text-slate-600 dark:text-slate-300 text-sm font-medium rounded-lg border border-slate-200 dark:border-slate-600"
            >
              PostgreSQL
            </span>
            <span
              class="px-3 py-1 bg-slate-50 dark:bg-slate-700 text-slate-600 dark:text-slate-300 text-sm font-medium rounded-lg border border-slate-200 dark:border-slate-600"
            >
              MySQL
            </span>
            <span
              class="px-3 py-1 bg-slate-50 dark:bg-slate-700 text-slate-600 dark:text-slate-300 text-sm font-medium rounded-lg border border-slate-200 dark:border-slate-600"
            >
              SSMS
            </span>
            <span
              class="px-3 py-1 bg-slate-50 dark:bg-slate-700 text-slate-600 dark:text-slate-300 text-sm font-medium rounded-lg border border-slate-200 dark:border-slate-600"
            >
              DBeaver
            </span>
          </div>
        </div>
        <div
          class="bg-white dark:bg-slate-800 rounded-xl p-6 shadow-sm hover:shadow-md transition-all border border-slate-100 dark:border-slate-700 group"
          style="opacity: 0; transform: translateY(20px);"
        >
          <div
            class="flex items-center gap-4 mb-6"
          >
            <div
              class="p-3 bg-blue-50 dark:bg-blue-900/30 rounded-lg text-blue-600 group-hover:scale-110 transition-transform"
            >
              <svg
                aria-hidden="true"
                class="lucide lucide-cloud"
                fill="none"
                height="24"
                stroke="currentColor"
                stroke-linecap="round"
                stroke-linejoin="round"
                stroke-width="2"
                viewBox="0 0 24 24"
                width="24"
                xmlns="http://www.w3.org/2000/svg"
              >
                <path
                  d="M17.5 19H9a7 7 0 1 1 6.71-9h1.79a4.5 4.5 0 1 1 0 9Z"
                />
              </svg>
            </div>
            <h3
              class="text-xl font-bold text-slate-900 dark:text-white"
            >
              skills.categories.devops
            </h3>
          </div>
          <div
            class="flex flex-wrap gap-2"
          >
            <span
              class="px-3 py-1 bg-slate-50 dark:bg-slate-700 text-slate-600 dark:text-slate-300 text-sm font-medium rounded-lg border border-slate-200 dark:border-slate-600"
            >
              Azure DevOps
            </span>
            <span
              class="px-3 py-1 bg-slate-50 dark:bg-slate-700 text-slate-600 dark:text-slate-300 text-sm font-medium rounded-lg border border-slate-200 dark:border-slate-600"
            >
              Azure Blob Storage
            </span>
            <span
              class="px-3 py-1 bg-slate-50 dark:bg-slate-700 text-slate-600 dark:text-slate-300 text-sm font-medium rounded-lg border border-slate-200 dark:border-slate-600"
            >
              Docker
            </span>
            <span
              class="px-3 py-1 bg-slate-50 dark:bg-slate-700 text-slate-600 dark:text-slate-300 text-sm font-medium rounded-lg border border-slate-200 dark:border-slate-600"
            >
              CI/CD
            </span>
            <span
              class="px-3 py-1 bg-slate-50 dark:bg-slate-700 text-slate-600 dark:text-slate-300 text-sm font-medium rounded-lg border border-slate-200 dark:border-slate-600"
            >
              Git/GitLab/GitHub
            </span>
          </div>
        </div>
        <div
          class="bg-white dark:bg-slate-800 rounded-xl p-6 shadow-sm hover:shadow-md transition-all border border-slate-100 dark:border-slate-700 group"
          style="opacity: 0; transform: translateY(20px);"
        >
          <div
            class="flex items-center gap-4 mb-6"
          >
            <div
              class="p-3 bg-blue-50 dark:bg-blue-900/30 rounded-lg text-blue-600 group-hover:scale-110 transition-transform"
            >
              <svg
                aria-hidden="true"
                class="lucide lucide-settings"
                fill="none"
                height="24"
                stroke="currentColor"
                stroke-linecap="round"
                stroke-linejoin="round"
                stroke-width="2"
                viewBox="0 0 24 24"
                width="24"
                xmlns="http://www.w3.org/2000/svg"
              >
                <path
                  d="M9.671 4.136a2.34 2.34 0 0 1 4.659 0 2.34 2.34 0 0 0 3.319 1.915 2.34 2.34 0 0 1 2.33 4.033 2.34 2.34 0 0 0 0 3.831 2.34 2.34 0 0 1-2.33 4.033 2.34 2.34 0 0 0-3.319 1.915 2.34 2.34 0 0 1-4.659 0 2.34 2.34 0 0 0-3.32-1.915 2.34 2.34 0 0 1-2.33-4.033 2.34 2.34 0 0 0 0-3.831A2.34 2.34 0 0 1 6.35 6.051a2.34 2.34 0 0 0 3.319-1.915"
                />
                <circle
                  cx="12"
                  cy="12"
                  r="3"
                />
              </svg>
            </div>
            <h3
              class="text-xl font-bold text-slate-900 dark:text-white"
            >
              skills.categories.architecture
            </h3>
          </div>
          <div
            class="flex flex-wrap gap-2"
          >
            <span
              class="px-3 py-1 bg-slate-50 dark:bg-slate-700 text-slate-600 dark:text-slate-300 text-sm font-medium rounded-lg border border-slate-200 dark:border-slate-600"
            >
              Microservices
            </span>
            <span
              class="px-3 py-1 bg-slate-50 dark:bg-slate-700 text-slate-600 dark:text-slate-300 text-sm font-medium rounded-lg border border-slate-200 dark:border-slate-600"
            >
              Clean Architecture
            </span>
            <span
              class="px-3 py-1 bg-slate-50 dark:bg-slate-700 text-slate-600 dark:text-slate-300 text-sm font-medium rounded-lg border border-slate-200 dark:border-slate-600"
            >
              Decorator
            </span>
            <span
              class="px-3 py-1 bg-slate-50 dark:bg-slate-700 text-slate-600 dark:text-slate-300 text-sm font-medium rounded-lg border border-slate-200 dark:border-slate-600"
            >
              Factory
            </span>
            <span
              class="px-3 py-1 bg-slate-50 dark:bg-slate-700 text-slate-600 dark:text-slate-300 text-sm font-medium rounded-lg border border-slate-200 dark:border-slate-600"
            >
              Strategy
            </span>
            <span
              class="px-3 py-1 bg-slate-50 dark:bg-slate-700 text-slate-600 dark:text-slate-300 text-sm font-medium rounded-lg border border-slate-200 dark:border-slate-600"
            >
              Repository
            </span>
            <span
              class="px-3 py-1 bg-slate-50 dark:bg-slate-700 text-slate-600 dark:text-slate-300 text-sm font-medium rounded-lg border border-slate-200 dark:border-slate-600"
            >
              Unit of Work
            </span>
            <span
              class="px-3 py-1 bg-slate-50 dark:bg-slate-700 text-slate-600 dark:text-slate-300 text-sm font-medium rounded-lg border border-slate-200 dark:border-slate-600"
            >
              DI
            </span>
          </div>
        </div>
      </div>
    </div>
  </section>
</div>
`;
